loaded 27 bytes at $0800 into I-space and D-space
  (mirrored into both, the way a Harvard toolchain copies .data from ROM to RAM at startup)
stale-line warnings off
AAAAA
[halted at $081B]
dirty data lines written back
$0800  A2 00 8A 18 69 41 8D 0A 08 A9 41 8D 01 F0 E8 E0  ....iA....A.....
$0800  A2 00 8A 18 69 41 8D 0A 08 A9 45 8D 01 F0 E8 E0  ....iA....E.....
