loaded 27 bytes at $0800 into I-space and D-space
  D$    256 B = 8 sets x 2 ways x 16 B/line   tag 9 : index 3 : offset 4 bits
      LRU replacement, write-back, write-allocate, miss penalty 8 cycles

[halted at $081B]
model: modified Harvard (unified memory, split L1)
bus accesses 17494   instruction side 14421 (82.4%)   data side 3073 (17.6%)   uncached 1
  by kind: OPCODE=6194  OPERAND=8227  DATA=3073  PTR=0  STACK=0  VECTOR=0
  I$     14421 acc     14420 hit         1 miss   hit rate  99.99%
      reads     14421 (14420 hit / 1 miss)   writes        0 (0 hit / 0 miss)
      evictions 0 (0 dirty)  stall 8 cyc  traffic in 16 B / out 0 B
  D$      3072 acc         0 hit      3072 miss   hit rate   0.00%
      reads      3072 (0 hit / 3072 miss)   writes        0 (0 hit / 0 miss)
      evictions 3064 (0 dirty)  stall 24576 cyc  traffic in 49152 B / out 0 B
cycles: cpu 19561 + stall 24584 = 44145   (2.26x the ideal-memory time)
AMAT: 1.405 stall cycles per bus access
stores into the program image ($0800-$081A): 0
